// Jest Snapshot v1, https://goo.gl/fbAQLP

exports[`renders app properly 1`] = `
<DocumentFragment>
  <h1
    class="css-6qc1t1"
    data-testid="heading-title"
  >
    Mallorca: 16326 Unterkünfte gefunden
  </h1>
  <div
    class="css-sk40cj"
  >
    <div
      class="css-i65ldc"
    >
      <div
        class="css-fsfgwe"
      >
        <div
          class="css-13pqr4x"
        >
          <img
            class="css-9taffg"
            src="https://img.holidu.com/images/2691944d-d1ba-4a8a-8b30-4f50d1d75156/t.jpg"
          />
          <div
            class="css-yvgka3"
          >
            <div
              class="css-4wfasp"
            >
              <h3
                class="css-kzlxxl"
              >
                SA COVETA
              </h3>
              <div
                class="css-tsqj0x"
              >
                <div
                  class="css-65w75"
                >
                  7 nights
                </div>
                <div
                  class="css-1lfgwp7"
                >
                  € 728
                </div>
              </div>
            </div>
            <div
              class="css-b8jp8o"
            >
              <div
                class="css-5h0skw"
              >
                8 pers., 4 bedroom(s), 256 m
                <sup>
                  2
                </sup>
              </div>
              <div
                class="css-dmeso1"
              >
                Rating: 4.5 (6)
              </div>
            </div>
            <button
              class="css-4akejv"
              disabled=""
              title="not implemented"
            >
              To offer
            </button>
          </div>
        </div>
      </div>
    </div>
    <div
      class="css-i65ldc"
    >
      <div
        class="css-fsfgwe"
      >
        <div
          class="css-13pqr4x"
        >
          <img
            class="css-9taffg"
            src="https://img.holidu.com/images/d04828d4-2c12-41f8-a219-72af8f533d01/t.jpg"
          />
          <div
            class="css-yvgka3"
          >
            <div
              class="css-4wfasp"
            >
              <h3
                class="css-kzlxxl"
              >
                SA TANCA (MANCORINA)
              </h3>
              <div
                class="css-tsqj0x"
              >
                <div
                  class="css-65w75"
                >
                  7 nights
                </div>
                <div
                  class="css-1lfgwp7"
                >
                  € 1001
                </div>
              </div>
            </div>
            <div
              class="css-b8jp8o"
            >
              <div
                class="css-5h0skw"
              >
                6 pers., 4 bedroom(s), 253 m
                <sup>
                  2
                </sup>
              </div>
              <div
                class="css-dmeso1"
              >
                Rating: 5.0 (12)
              </div>
            </div>
            <button
              class="css-4akejv"
              disabled=""
              title="not implemented"
            >
              To offer
            </button>
          </div>
        </div>
      </div>
    </div>
  </div>
</DocumentFragment>
`;
