// Jest Snapshot v1, https://goo.gl/fbAQLP

exports[`renders app properly 1`] = `
<DocumentFragment>
  <div
    class="css-15g6okc"
  >
    <div
      class="css-e2vz33"
    >
      <img
        class="css-9taffg"
        src="https://img.holidu.com/images/2691944d-d1ba-4a8a-8b30-4f50d1d75156/t.jpg"
      />
      <div
        class="css-1f9rp2t"
      >
        <h3
          class="css-1vg6f3p"
        >
          Title
        </h3>
        <div
          class="css-65w75"
        >
          test
        </div>
        <button
          class="css-j9oqzc"
        >
          Click me
        </button>
      </div>
    </div>
  </div>
</DocumentFragment>
`;
